mode: set
common/ctxcache/ctx_cache.go:11.48,13.2 1 1
common/ctxcache/ctx_cache.go:16.66,20.12 3 1
common/ctxcache/ctx_cache.go:20.12,22.3 1 1
common/ctxcache/ctx_cache.go:24.2,25.13 2 1
common/ctxcache/ctx_cache.go:25.13,27.3 1 1
common/ctxcache/ctx_cache.go:29.2,29.40 1 1
common/ctxcache/ctx_cache.go:29.40,31.3 1 1
common/ctxcache/ctx_cache.go:33.2,33.20 1 1
common/ctxcache/ctx_cache.go:37.51,38.62 1 1
common/ctxcache/ctx_cache.go:38.62,40.3 1 1
common/ctxcache/ctx_cache.go:44.48,45.62 1 1
common/ctxcache/ctx_cache.go:45.62,48.3 2 1
common/ctxcache/ctx_cache.go:50.2,50.14 1 1
common/ctxcache/ctx_cache.go:55.88,57.9 2 1
common/ctxcache/ctx_cache.go:57.9,59.3 1 1
common/ctxcache/ctx_cache.go:61.2,62.12 2 1
common/ctxcache/ctx_cache.go:62.12,63.38 1 1
common/ctxcache/ctx_cache.go:63.38,65.4 1 1
common/ctxcache/ctx_cache.go:67.2,67.21 1 1
common/ctxcache/ctx_cache.go:71.76,75.9 3 1
common/ctxcache/ctx_cache.go:75.9,77.3 1 1
common/ctxcache/ctx_cache.go:79.2,80.13 2 1
common/ctxcache/ctx_cache.go:80.13,82.3 1 1
common/ctxcache/ctx_cache.go:84.2,84.40 1 1
common/ctxcache/ctx_cache.go:84.40,86.3 1 1
common/ctxcache/ctx_cache.go:88.2,88.20 1 0
common/ctxcache/ctx_cache.go:92.43,93.62 1 1
common/ctxcache/ctx_cache.go:93.62,95.3 1 1
common/ctxcache/ctx_cache.go:99.62,100.62 1 1
common/ctxcache/ctx_cache.go:100.62,102.3 1 1
common/ctxcache/ctx_cache.go:106.38,108.39 2 1
common/ctxcache/ctx_cache.go:108.39,111.3 2 1
common/ctxcache/ctx_cache.go:112.2,112.13 1 1
common/ctxcache/ctx_cache.go:116.33,117.62 1 1
common/ctxcache/ctx_cache.go:117.62,118.44 1 1
common/ctxcache/ctx_cache.go:118.44,121.4 2 1
common/config/config.go:18.20,22.2 1 1
common/config/config.go:25.50,30.16 4 1
common/config/config.go:30.16,32.3 1 1
common/config/config.go:34.2,35.54 2 1
common/config/config.go:35.54,37.3 1 1
common/config/config.go:39.2,40.12 2 1
common/config/config.go:44.45,48.35 3 1
common/config/config.go:48.35,50.16 2 1
common/config/config.go:50.16,52.4 1 0
common/config/config.go:56.61,59.18 1 1
common/config/config.go:59.19,62.3 0 1
common/config/config.go:63.2,63.22 1 1
common/config/config.go:67.55,72.9 4 1
common/config/config.go:72.9,74.3 1 1
common/config/config.go:76.2,76.19 1 1
common/config/config.go:80.81,84.34 3 1
common/config/config.go:84.34,86.3 1 1
common/config/config.go:88.2,88.21 1 1
common/config/config.go:92.53,97.2 3 1
common/config/config.go:100.56,102.16 2 1
common/config/config.go:102.16,104.3 1 1
common/config/config.go:106.2,106.35 1 1
common/config/config.go:106.35,108.3 1 1
common/config/config.go:110.2,110.64 1 1
common/config/config.go:114.70,118.34 3 1
common/config/config.go:118.34,119.36 1 1
common/config/config.go:119.36,121.4 1 1
common/config/config.go:124.2,124.21 1 1
common/config/config.go:128.50,130.16 2 1
common/config/config.go:130.16,132.3 1 0
common/config/config.go:134.2,134.27 1 1
common/config/config.go:135.11,136.16 1 1
common/config/config.go:137.15,138.21 1 1
common/config/config.go:139.10,140.66 1 1
common/config/config.go:145.68,149.34 3 1
common/config/config.go:149.34,150.28 1 1
common/config/config.go:151.12,152.12 1 1
common/config/config.go:153.16,154.17 1 0
common/config/config.go:158.2,158.21 1 1
common/config/config.go:162.52,164.16 2 1
common/config/config.go:164.16,166.3 1 0
common/config/config.go:168.2,168.31 1 1
common/config/config.go:168.31,170.3 1 1
common/config/config.go:172.2,172.68 1 1
common/config/config.go:176.71,180.34 3 1
common/config/config.go:180.34,181.32 1 1
common/config/config.go:181.32,183.4 1 1
common/config/config.go:186.2,186.21 1 1
common/config/config.go:190.39,196.2 4 1
common/config/config.go:199.37,204.2 3 1
common/config/config.go:207.26,212.2 3 1
common/config/config.go:215.34,220.26 4 1
common/config/config.go:220.26,222.3 1 1
common/config/config.go:224.2,224.13 1 1
common/config/config.go:228.39,235.37 5 1
common/config/config.go:235.37,237.3 1 1
common/config/config.go:241.49,246.33 4 1
common/config/config.go:246.33,248.3 1 1
common/config/config.go:250.2,250.15 1 1
common/config/config.go:254.41,256.47 2 1
common/config/config.go:256.47,258.3 1 0
common/config/config.go:259.2,259.17 1 1
common/config/config.go:266.37,268.2 1 0
common/config/config.go:271.43,273.2 1 0
common/config/config.go:276.41,278.2 1 1
common/config/config.go:281.44,283.2 1 1
common/config/config.go:286.38,288.2 1 0
common/config/config.go:291.40,293.2 1 0
common/errorx/error.go:25.29,27.2 1 1
common/errorx/error.go:30.40,32.2 1 1
common/errorx/error.go:35.32,37.2 1 1
common/errorx/error.go:41.47,43.2 1 1
common/errorx/error.go:47.71,48.16 1 1
common/errorx/error.go:48.16,50.3 1 1
common/errorx/error.go:52.2,52.57 1 1
common/errorx/error.go:57.65,58.16 1 1
common/errorx/error.go:58.16,60.3 1 1
common/errorx/error.go:62.2,62.45 1 1
common/errorx/error.go:66.42,67.16 1 1
common/errorx/error.go:67.16,69.3 1 1
common/errorx/error.go:70.2,72.17 3 1
common/errorx/error.go:72.17,74.3 1 1
common/errorx/error.go:75.2,75.15 1 1
common/errorx/error.go:79.72,81.2 1 1
common/errorx/error.go:84.38,86.2 1 1
common/errorx/error.go:89.72,91.2 1 1
common/lang/conv/to.go:11.33,12.18 1 1
common/lang/conv/to.go:12.18,14.3 1 1
common/lang/conv/to.go:16.2,16.27 1 1
common/lang/conv/to.go:17.14,18.11 1 1
common/lang/conv/to.go:19.38,20.61 1 1
common/lang/conv/to.go:21.43,22.63 1 1
common/lang/conv/to.go:23.15,24.54 1 1
common/lang/conv/to.go:25.15,26.45 1 1
common/lang/conv/to.go:27.12,28.31 1 1
common/lang/conv/to.go:29.17,30.32 1 1
common/lang/conv/to.go:31.18,32.15 1 0
common/lang/conv/to.go:32.15,34.4 1 0
common/lang/conv/to.go:35.3,35.12 1 0
common/lang/conv/to.go:36.10,37.30 1 1
common/lang/conv/to.go:42.38,43.18 1 1
common/lang/conv/to.go:43.18,45.3 1 1
common/lang/conv/to.go:47.2,47.27 1 1
common/lang/conv/to.go:48.11,49.23 1 1
common/lang/conv/to.go:50.12,51.23 1 0
common/lang/conv/to.go:52.13,53.23 1 0
common/lang/conv/to.go:54.13,55.23 1 0
common/lang/conv/to.go:56.13,57.16 1 0
common/lang/conv/to.go:58.12,59.23 1 1
common/lang/conv/to.go:60.13,61.23 1 0
common/lang/conv/to.go:62.14,63.23 1 0
common/lang/conv/to.go:64.14,65.23 1 0
common/lang/conv/to.go:66.14,67.23 1 0
common/lang/conv/to.go:68.15,69.23 1 0
common/lang/conv/to.go:70.15,71.23 1 1
common/lang/conv/to.go:72.14,73.37 1 1
common/lang/conv/to.go:74.12,75.8 1 1
common/lang/conv/to.go:75.8,77.4 1 1
common/lang/conv/to.go:78.3,78.16 1 1
common/lang/conv/to.go:79.10,80.60 1 1
common/lang/conv/to.go:85.31,87.16 2 1
common/lang/conv/to.go:87.16,89.3 1 1
common/lang/conv/to.go:90.2,90.15 1 1
common/lang/conv/to.go:94.44,95.18 1 1
common/lang/conv/to.go:95.18,97.3 1 1
common/lang/conv/to.go:99.2,99.27 1 1
common/lang/conv/to.go:100.11,101.25 1 1
common/lang/conv/to.go:102.12,103.25 1 0
common/lang/conv/to.go:104.13,105.25 1 0
common/lang/conv/to.go:106.13,107.25 1 0
common/lang/conv/to.go:108.13,109.25 1 0
common/lang/conv/to.go:110.12,111.25 1 0
common/lang/conv/to.go:112.13,113.25 1 0
common/lang/conv/to.go:114.14,115.25 1 0
common/lang/conv/to.go:116.14,117.25 1 0
common/lang/conv/to.go:118.14,119.25 1 0
common/lang/conv/to.go:120.15,121.25 1 1
common/lang/conv/to.go:122.15,123.16 1 1
common/lang/conv/to.go:124.14,125.35 1 1
common/lang/conv/to.go:126.12,127.8 1 1
common/lang/conv/to.go:127.8,129.4 1 1
common/lang/conv/to.go:130.3,130.16 1 1
common/lang/conv/to.go:131.10,132.62 1 1
common/lang/conv/to.go:137.42,139.16 2 1
common/lang/conv/to.go:139.16,141.3 1 1
common/lang/conv/to.go:142.2,142.15 1 1
common/lang/conv/to.go:146.38,147.18 1 1
common/lang/conv/to.go:147.18,149.3 1 1
common/lang/conv/to.go:151.2,151.27 1 1
common/lang/conv/to.go:152.12,153.16 1 1
common/lang/conv/to.go:154.14,155.30 1 1
common/lang/conv/to.go:156.38,157.48 1 1
common/lang/conv/to.go:158.43,159.49 1 0
common/lang/conv/to.go:160.24,161.50 1 1
common/lang/conv/to.go:162.10,163.63 1 1
common/lang/conv/to.go:168.36,170.16 2 1
common/lang/conv/to.go:170.16,172.3 1 1
common/lang/conv/to.go:173.2,173.15 1 1
common/lang/conv/to.go:177.43,178.18 1 1
common/lang/conv/to.go:178.18,180.3 1 1
common/lang/conv/to.go:182.2,182.27 1 1
common/lang/conv/to.go:183.17,184.16 1 1
common/lang/conv/to.go:185.18,186.15 1 1
common/lang/conv/to.go:186.15,188.4 1 1
common/lang/conv/to.go:189.3,189.26 1 1
common/lang/conv/to.go:190.14,199.34 2 1
common/lang/conv/to.go:199.34,201.18 2 1
common/lang/conv/to.go:201.18,203.5 1 1
common/lang/conv/to.go:205.3,205.68 1 1
common/lang/conv/to.go:206.13,207.30 1 1
common/lang/conv/to.go:208.15,211.35 3 1
common/lang/conv/to.go:212.10,213.74 1 1
common/lang/conv/to.go:218.41,220.16 2 1
common/lang/conv/to.go:220.16,222.3 1 1
common/lang/conv/to.go:223.2,223.15 1 1
common/lang/maps/maps.go:4.47,6.19 2 1
common/lang/maps/maps.go:6.19,8.3 1 1
common/lang/maps/maps.go:9.2,9.13 1 1
common/lang/maps/maps.go:13.49,15.22 2 1
common/lang/maps/maps.go:15.22,17.3 1 1
common/lang/maps/maps.go:18.2,18.15 1 1
common/lang/maps/maps.go:22.60,24.22 2 1
common/lang/maps/maps.go:24.22,26.3 1 1
common/lang/maps/maps.go:27.2,27.16 1 1
common/lang/maps/maps.go:37.70,39.32 2 1
common/lang/maps/maps.go:39.32,41.3 1 1
common/lang/maps/maps.go:42.2,42.15 1 1
common/lang/maps/maps.go:46.52,48.22 2 1
common/lang/maps/maps.go:48.22,50.3 1 1
common/lang/maps/maps.go:51.2,51.15 1 1
common/lang/maps/maps.go:55.58,57.25 2 1
common/lang/maps/maps.go:57.25,58.23 1 1
common/lang/maps/maps.go:58.23,60.4 1 1
common/lang/maps/maps.go:62.2,62.15 1 1
common/lang/maps/maps.go:66.56,67.24 1 1
common/lang/maps/maps.go:67.24,69.3 1 1
common/lang/maps/maps.go:73.57,76.2 2 1
common/lang/maps/maps.go:79.76,80.25 1 1
common/lang/maps/maps.go:80.25,82.3 1 1
common/lang/maps/maps.go:83.2,83.21 1 1
common/lang/maps/maps.go:87.72,88.25 1 1
common/lang/maps/maps.go:88.25,90.3 1 1
common/lang/maps/maps.go:91.2,92.21 2 1
common/lang/maps/maps.go:96.60,97.27 1 1
common/lang/maps/maps.go:97.27,99.3 1 1
common/lang/maps/maps.go:103.58,105.27 2 1
common/lang/maps/maps.go:105.27,107.3 1 1
common/lang/maps/maps.go:109.2,109.19 1 1
common/lang/maps/maps.go:109.19,110.30 1 1
common/lang/maps/maps.go:110.30,112.4 1 1
common/lang/maps/maps.go:117.44,118.19 1 1
common/lang/maps/maps.go:118.19,120.3 1 1
common/lang/maps/maps.go:124.51,126.2 1 1
common/lang/maps/maps.go:129.47,131.2 1 1
common/lang/maps/maps.go:134.80,136.22 2 1
common/lang/maps/maps.go:136.22,137.22 1 1
common/lang/maps/maps.go:137.22,139.4 1 1
common/lang/maps/maps.go:141.2,141.15 1 1
common/lang/maps/maps.go:145.84,147.22 2 1
common/lang/maps/maps.go:147.22,149.3 1 1
common/lang/maps/maps.go:150.2,150.15 1 1
common/lang/maps/maps.go:154.89,156.22 2 1
common/lang/maps/maps.go:156.22,159.3 2 1
common/lang/maps/maps.go:160.2,160.15 1 1
common/lang/maps/maps.go:165.60,167.22 2 1
common/lang/maps/maps.go:167.22,169.3 1 1
common/lang/maps/maps.go:170.2,170.15 1 1
common/lang/maps/maps.go:174.58,175.22 1 1
common/lang/maps/maps.go:175.22,177.3 1 1
common/lang/maps/maps.go:181.74,182.22 1 1
common/lang/maps/maps.go:182.22,183.22 1 1
common/lang/maps/maps.go:183.22,185.4 1 1
common/lang/maps/maps.go:187.2,187.14 1 1
common/lang/maps/maps.go:191.74,192.22 1 1
common/lang/maps/maps.go:192.22,193.23 1 1
common/lang/maps/maps.go:193.23,195.4 1 1
common/lang/maps/maps.go:197.2,197.13 1 1
common/lang/maps/maps.go:201.59,202.22 1 1
common/lang/maps/maps.go:202.22,204.3 1 1
common/lang/maps/maps.go:206.2,206.23 1 1
common/lang/maps/maps.go:206.23,207.38 1 1
common/lang/maps/maps.go:207.38,209.4 1 1
common/lang/maps/maps.go:212.2,212.13 1 1
common/lang/maps/maps.go:216.61,218.23 2 1
common/lang/maps/maps.go:218.23,219.38 1 1
common/lang/maps/maps.go:219.38,221.4 1 1
common/lang/maps/maps.go:223.2,223.15 1 1
common/lang/maps/maps.go:227.66,229.23 2 1
common/lang/maps/maps.go:229.23,230.37 1 1
common/lang/maps/maps.go:230.37,232.4 1 1
common/lang/maps/maps.go:234.2,234.15 1 1
common/lang/maps/maps.go:238.55,240.2 1 1
common/lang/ptr/ptr.go:6.27,8.2 1 1
common/lang/ptr/ptr.go:11.27,12.14 1 1
common/lang/ptr/ptr.go:12.14,15.3 2 1
common/lang/ptr/ptr.go:16.2,16.11 1 1
common/lang/ptr/ptr.go:20.52,21.14 1 1
common/lang/ptr/ptr.go:21.14,23.3 1 1
common/lang/ptr/ptr.go:24.2,24.11 1 1
common/lang/ptr/ptr.go:28.34,30.20 2 1
common/lang/ptr/ptr.go:30.20,32.3 1 1
common/lang/ptr/ptr.go:33.2,33.15 1 1
common/lang/ptr/ptr.go:37.36,39.23 2 1
common/lang/ptr/ptr.go:39.23,40.15 1 1
common/lang/ptr/ptr.go:40.15,42.4 1 1
common/lang/ptr/ptr.go:44.2,44.15 1 1
common/lang/ptr/ptr.go:50.33,52.2 1 1
common/lang/ptr/ptr.go:55.24,57.2 1 1
common/lang/ptr/ptr.go:60.27,62.2 1 1
common/lang/ptr/ptr.go:65.30,67.2 1 1
common/lang/ptr/ptr.go:70.30,72.2 1 1
common/lang/ptr/ptr.go:75.30,77.2 1 1
common/lang/ptr/ptr.go:80.27,82.2 1 1
common/lang/ptr/ptr.go:85.30,87.2 1 1
common/lang/ptr/ptr.go:90.33,92.2 1 1
common/lang/ptr/ptr.go:95.33,97.2 1 1
common/lang/ptr/ptr.go:100.33,102.2 1 1
common/lang/ptr/ptr.go:105.36,107.2 1 1
common/lang/ptr/ptr.go:110.36,112.2 1 1
common/lang/ptr/ptr.go:115.27,117.2 1 1
common/lang/ptr/ptr.go:120.37,122.2 1 1
common/lang/ptr/ptr.go:125.49,127.2 1 1
common/lang/slices/slices.go:9.54,10.26 1 1
common/lang/slices/slices.go:10.26,11.17 1 1
common/lang/slices/slices.go:11.17,13.4 1 1
common/lang/slices/slices.go:15.2,15.14 1 1
common/lang/slices/slices.go:19.61,20.26 1 1
common/lang/slices/slices.go:20.26,21.30 1 1
common/lang/slices/slices.go:21.30,22.16 1 1
common/lang/slices/slices.go:22.16,24.5 1 1
common/lang/slices/slices.go:27.2,27.14 1 1
common/lang/slices/slices.go:31.61,32.29 1 1
common/lang/slices/slices.go:32.29,33.28 1 1
common/lang/slices/slices.go:33.28,35.4 1 1
common/lang/slices/slices.go:37.2,37.13 1 1
common/lang/slices/slices.go:41.59,43.26 2 1
common/lang/slices/slices.go:43.26,44.19 1 1
common/lang/slices/slices.go:44.19,46.4 1 1
common/lang/slices/slices.go:48.2,48.15 1 1
common/lang/slices/slices.go:52.57,54.26 2 1
common/lang/slices/slices.go:54.26,56.3 1 1
common/lang/slices/slices.go:57.2,57.15 1 1
common/lang/slices/slices.go:61.73,63.26 2 1
common/lang/slices/slices.go:63.26,65.3 1 1
common/lang/slices/slices.go:66.2,66.15 1 1
common/lang/slices/slices.go:70.63,71.26 1 1
common/lang/slices/slices.go:71.26,72.19 1 1
common/lang/slices/slices.go:72.19,74.4 1 1
common/lang/slices/slices.go:76.2,77.20 2 1
common/lang/slices/slices.go:81.62,82.26 1 1
common/lang/slices/slices.go:82.26,83.19 1 1
common/lang/slices/slices.go:83.19,85.4 1 1
common/lang/slices/slices.go:87.2,87.11 1 1
common/lang/slices/slices.go:91.52,92.26 1 1
common/lang/slices/slices.go:92.26,93.17 1 1
common/lang/slices/slices.go:93.17,95.4 1 1
common/lang/slices/slices.go:97.2,97.11 1 1
common/lang/slices/slices.go:101.56,102.39 1 1
common/lang/slices/slices.go:102.39,103.24 1 1
common/lang/slices/slices.go:103.24,105.4 1 1
common/lang/slices/slices.go:107.2,107.11 1 1
common/lang/slices/slices.go:111.42,114.26 3 1
common/lang/slices/slices.go:114.26,115.36 1 1
common/lang/slices/slices.go:115.36,118.4 2 1
common/lang/slices/slices.go:120.2,120.15 1 1
common/lang/slices/slices.go:124.36,126.26 2 1
common/lang/slices/slices.go:126.26,128.3 1 1
common/lang/slices/slices.go:129.2,129.15 1 1
common/lang/slices/slices.go:133.46,134.15 1 1
common/lang/slices/slices.go:134.15,136.3 1 1
common/lang/slices/slices.go:138.2,139.40 2 1
common/lang/slices/slices.go:139.40,141.23 2 1
common/lang/slices/slices.go:141.23,143.4 1 1
common/lang/slices/slices.go:144.3,144.40 1 1
common/lang/slices/slices.go:146.2,146.15 1 1
common/lang/slices/slices.go:150.39,152.31 2 1
common/lang/slices/slices.go:152.31,154.3 1 1
common/lang/slices/slices.go:155.2,155.15 1 1
common/lang/slices/slices.go:159.36,164.39 3 1
common/lang/slices/slices.go:164.39,167.3 2 1
common/lang/slices/slices.go:168.2,168.15 1 1
common/lang/slices/slices.go:172.75,174.26 2 1
common/lang/slices/slices.go:174.26,176.3 1 1
common/lang/slices/slices.go:177.2,177.15 1 1
common/lang/slices/slices.go:181.79,183.26 2 1
common/lang/slices/slices.go:183.26,186.3 2 1
common/lang/slices/slices.go:187.2,187.15 1 1
common/lang/slices/slices.go:191.51,196.30 3 1
common/lang/slices/slices.go:196.30,197.36 1 1
common/lang/slices/slices.go:197.36,199.4 1 1
common/lang/slices/slices.go:201.2,201.15 1 1
common/lang/slices/slices.go:205.61,206.15 1 1
common/lang/slices/slices.go:206.15,208.3 1 1
common/lang/slices/slices.go:209.2,209.24 1 1
common/lang/slices/slices.go:209.24,211.3 1 1
common/lang/slices/slices.go:213.2,217.15 5 1
common/lang/slices/slices.go:221.39,223.31 2 1
common/lang/slices/slices.go:223.31,225.3 1 1
common/lang/slices/slices.go:227.2,228.31 2 1
common/lang/slices/slices.go:228.31,230.3 1 1
common/lang/slices/slices.go:231.2,231.15 1 1
common/lang/slices/slices.go:235.44,237.22 2 1
common/lang/slices/slices.go:237.22,239.3 1 1
common/lang/slices/slices.go:241.2,242.22 2 1
common/lang/slices/slices.go:242.22,243.34 1 1
common/lang/slices/slices.go:243.34,245.4 1 1
common/lang/slices/slices.go:247.2,247.23 1 1
common/lang/slices/slices.go:251.45,253.22 2 1
common/lang/slices/slices.go:253.22,255.3 1 1
common/lang/slices/slices.go:257.2,258.22 2 1
common/lang/slices/slices.go:258.22,259.35 1 1
common/lang/slices/slices.go:259.35,261.4 1 1
common/lang/slices/slices.go:263.2,263.15 1 1
common/lang/slices/slices.go:267.41,268.26 1 1
common/lang/slices/slices.go:268.26,270.3 1 1
common/lang/slices/slices.go:274.51,275.26 1 1
common/lang/slices/slices.go:275.26,277.3 1 1
common/lang/slices/slices.go:281.57,282.26 1 1
common/lang/slices/slices.go:282.26,283.19 1 1
common/lang/slices/slices.go:283.19,285.4 1 1
common/lang/slices/slices.go:287.2,287.14 1 1
common/lang/slices/slices.go:291.57,292.26 1 1
common/lang/slices/slices.go:292.26,293.20 1 1
common/lang/slices/slices.go:293.20,295.4 1 1
common/lang/slices/slices.go:297.2,297.13 1 1
common/lang/slices/slices.go:301.58,303.2 1 1
common/lang/slices/slices.go:306.58,308.26 2 1
common/lang/slices/slices.go:308.26,309.19 1 1
common/lang/slices/slices.go:309.19,311.4 1 1
common/lang/slices/slices.go:313.2,313.14 1 1
common/lang/slices/slices.go:317.135,318.21 1 1
common/lang/slices/slices.go:318.21,321.3 2 1
common/lang/slices/slices.go:323.2,324.30 2 1
common/lang/slices/slices.go:324.30,325.14 1 1
common/lang/slices/slices.go:325.14,327.4 1 1
common/lang/slices/slices.go:329.2,329.12 1 1
common/lang/slices/slices.go:333.135,334.21 1 1
common/lang/slices/slices.go:334.21,337.3 2 1
common/lang/slices/slices.go:339.2,340.30 2 1
common/lang/slices/slices.go:340.30,341.14 1 1
common/lang/slices/slices.go:341.14,343.4 1 1
common/lang/slices/slices.go:345.2,345.12 1 1
common/lang/slices/slices.go:349.135,351.26 2 1
common/lang/slices/slices.go:351.26,353.3 1 1
common/lang/slices/slices.go:354.2,354.12 1 1
common/lang/slices/slices.go:358.145,359.21 1 1
common/lang/slices/slices.go:359.21,361.3 1 1
common/lang/slices/slices.go:363.2,364.43 2 1
common/lang/ternary/ternary.go:4.58,5.15 1 1
common/lang/ternary/ternary.go:5.15,7.3 1 1
common/lang/ternary/ternary.go:8.2,8.19 1 1
common/lang/ternary/ternary.go:13.76,14.15 1 1
common/lang/ternary/ternary.go:14.15,16.3 1 1
common/lang/ternary/ternary.go:17.2,17.25 1 1
common/lang/ternary/ternary.go:21.42,23.19 2 1
common/lang/ternary/ternary.go:23.19,25.3 1 1
common/lang/ternary/ternary.go:26.2,26.15 1 1
common/lang/ternary/ternary.go:30.55,32.19 2 1
common/lang/ternary/ternary.go:32.19,34.3 1 1
common/lang/ternary/ternary.go:35.2,35.17 1 1
common/lang/ternary/ternary.go:39.51,41.16 2 1
common/lang/ternary/ternary.go:41.16,43.3 1 1
common/lang/ternary/ternary.go:44.2,44.14 1 1
common/lang/ternary/ternary.go:48.42,50.27 2 1
common/lang/ternary/ternary.go:50.27,51.18 1 1
common/lang/ternary/ternary.go:51.18,53.4 1 1
common/lang/ternary/ternary.go:55.2,55.13 1 1
common/lang/ternary/ternary.go:59.41,62.2 2 1
common/lang/ternary/ternary.go:65.44,68.2 2 1
common/lang/ternary/ternary.go:71.43,72.15 1 1
common/lang/ternary/ternary.go:72.15,74.3 1 1
common/lang/ternary/ternary.go:75.2,76.13 2 1
common/lang/ternary/ternary.go:80.47,81.16 1 1
common/lang/ternary/ternary.go:81.16,83.3 1 1
common/lang/ternary/ternary.go:84.2,85.13 2 1
common/lang/ternary/ternary.go:89.74,90.33 1 1
common/lang/ternary/ternary.go:90.33,92.3 1 1
common/lang/ternary/ternary.go:93.2,93.21 1 1
common/lang/ternary/ternary.go:97.53,99.19 2 1
common/lang/ternary/ternary.go:99.19,101.3 1 1
common/lang/ternary/ternary.go:102.2,102.14 1 1
common/taskgroup/taskgroup.go:18.42,25.2 2 1
common/taskgroup/taskgroup.go:28.41,31.12 2 1
common/taskgroup/taskgroup.go:31.12,34.30 2 1
common/taskgroup/taskgroup.go:34.30,41.4 4 1
common/taskgroup/taskgroup.go:46.67,49.12 2 1
common/taskgroup/taskgroup.go:49.12,52.35 2 1
common/taskgroup/taskgroup.go:52.35,59.4 4 1
common/taskgroup/taskgroup.go:64.34,67.23 2 1
common/taskgroup/taskgroup.go:67.23,69.3 1 1
common/taskgroup/taskgroup.go:71.2,71.12 1 1
common/taskgroup/taskgroup.go:75.39,78.2 2 1
common/taskgroup/taskgroup.go:81.30,83.2 1 1
common/taskgroup/taskgroup.go:86.47,88.2 1 1
common/taskgroup/taskgroup.go:91.38,98.2 5 1
common/taskgroup/taskgroup.go:101.37,106.2 3 1
common/taskgroup/taskgroup.go:109.63,111.25 2 1
common/taskgroup/taskgroup.go:111.25,113.3 1 1
common/taskgroup/taskgroup.go:114.2,114.17 1 1
common/taskgroup/taskgroup.go:118.89,120.25 2 1
common/taskgroup/taskgroup.go:120.25,122.3 1 1
common/taskgroup/taskgroup.go:123.2,123.17 1 1
common/taskgroup/taskgroup.go:127.61,128.25 1 1
common/taskgroup/taskgroup.go:128.25,129.10 1 1
common/taskgroup/taskgroup.go:130.21,131.20 1 0
common/taskgroup/taskgroup.go:132.11,133.31 1 1
common/taskgroup/taskgroup.go:133.31,135.5 1 1
common/taskgroup/taskgroup.go:138.2,138.12 1 1
common/taskgroup/taskgroup.go:142.87,143.25 1 1
common/taskgroup/taskgroup.go:143.25,144.10 1 1
common/taskgroup/taskgroup.go:145.21,146.20 1 0
common/taskgroup/taskgroup.go:147.11,148.34 1 1
common/taskgroup/taskgroup.go:148.34,150.5 1 0
common/taskgroup/taskgroup.go:153.2,153.12 1 1
common/database/sql/builder.go:23.21,33.2 1 1
common/database/sql/builder.go:36.53,39.2 2 1
common/database/sql/builder.go:42.47,45.2 2 1
common/database/sql/builder.go:48.51,51.2 2 1
common/database/sql/builder.go:54.55,57.2 2 1
common/database/sql/builder.go:60.56,63.2 2 1
common/database/sql/builder.go:66.73,70.2 3 1
common/database/sql/builder.go:73.75,74.28 1 1
common/database/sql/builder.go:74.28,76.3 1 1
common/database/sql/builder.go:76.8,78.3 1 0
common/database/sql/builder.go:79.2,80.10 2 1
common/database/sql/builder.go:84.54,87.2 2 1
common/database/sql/builder.go:90.74,94.2 3 1
common/database/sql/builder.go:97.50,100.2 2 1
common/database/sql/builder.go:103.54,106.2 2 0
common/database/sql/builder.go:109.45,112.2 2 1
common/database/sql/builder.go:115.47,118.2 2 1
common/database/sql/builder.go:121.51,125.29 2 0
common/database/sql/builder.go:125.29,128.3 2 0
common/database/sql/builder.go:128.8,130.3 1 0
common/database/sql/builder.go:133.2,133.23 1 0
common/database/sql/builder.go:133.23,136.3 2 0
common/database/sql/builder.go:139.2,139.22 1 0
common/database/sql/builder.go:139.22,140.32 1 0
common/database/sql/builder.go:140.32,143.4 2 0
common/database/sql/builder.go:147.2,147.28 1 0
common/database/sql/builder.go:147.28,150.3 2 0
common/database/sql/builder.go:153.2,153.24 1 0
common/database/sql/builder.go:153.24,156.3 2 0
common/database/sql/builder.go:159.2,159.23 1 0
common/database/sql/builder.go:159.23,162.3 2 0
common/database/sql/builder.go:165.2,165.24 1 0
common/database/sql/builder.go:165.24,168.3 2 0
common/database/sql/builder.go:171.2,171.17 1 0
common/database/sql/builder.go:171.17,173.3 1 0
common/database/sql/builder.go:176.2,176.18 1 0
common/database/sql/builder.go:176.18,178.3 1 0
common/database/sql/builder.go:180.2,180.31 1 0
common/database/sql/builder.go:184.35,187.2 2 0
common/database/sql/builder.go:190.36,202.2 11 0
common/database/sql/pager.go:17.42,18.14 1 1
common/database/sql/pager.go:18.14,20.3 1 1
common/database/sql/pager.go:21.2,21.18 1 1
common/database/sql/pager.go:21.18,23.3 1 1
common/database/sql/pager.go:24.2,24.20 1 1
common/database/sql/pager.go:24.20,26.3 1 1
common/database/sql/pager.go:28.2,31.3 1 1
common/database/sql/pager.go:35.39,37.20 2 1
common/database/sql/pager.go:37.20,39.3 1 1
common/database/sql/pager.go:39.8,41.3 1 0
common/database/sql/pager.go:45.30,47.2 1 1
common/database/sql/pager.go:50.29,52.2 1 1
common/database/sql/pager.go:55.32,57.2 1 1
common/database/sql/pager.go:60.32,62.2 1 1
common/database/sql/pager.go:65.51,72.2 1 1
common/database/sql/pager.go:75.33,78.2 1 1
common/database/sql/pager.go:87.73,92.2 1 1
common/database/sql/tx.go:28.89,30.2 1 0
common/database/sql/tx.go:33.77,36.2 2 0
common/database/sql/tx.go:39.73,41.9 2 0
common/database/sql/tx.go:41.9,42.23 1 0
common/database/sql/tx.go:44.2,44.11 1 0
common/database/sql/tx.go:50.111,53.16 2 0
common/database/sql/tx.go:53.16,55.3 1 0
common/database/sql/tx.go:58.2,61.15 2 0
common/database/sql/tx.go:61.15,62.31 1 0
common/database/sql/tx.go:62.31,64.12 2 0
common/database/sql/tx.go:68.2,68.32 1 0
common/database/sql/tx.go:68.32,70.43 1 0
common/database/sql/tx.go:70.43,72.4 1 0
common/database/sql/tx.go:73.3,73.13 1 0
common/database/sql/tx.go:77.2,77.36 1 0
common/database/sql/tx.go:77.36,79.3 1 0
common/database/sql/tx.go:81.2,81.12 1 0
common/database/sql/tx.go:85.141,87.16 2 0
common/database/sql/tx.go:87.16,89.3 1 0
common/database/sql/tx.go:91.2,93.15 2 0
common/database/sql/tx.go:93.15,94.31 1 0
common/database/sql/tx.go:94.31,96.12 2 0
common/database/sql/tx.go:100.2,100.32 1 0
common/database/sql/tx.go:100.32,101.43 1 0
common/database/sql/tx.go:101.43,103.4 1 0
common/database/sql/tx.go:104.3,104.13 1 0
common/database/sql/tx.go:107.2,107.36 1 0
common/database/sql/tx.go:107.36,109.3 1 0
common/database/sql/tx.go:111.2,111.12 1 0
common/database/sql/tx.go:115.52,118.2 2 0
common/eventbus/impl/impl.go:25.52,27.2 1 0
common/eventbus/impl/impl.go:31.151,33.18 2 0
common/eventbus/impl/impl.go:33.18,35.3 1 0
common/eventbus/impl/impl.go:38.2,39.69 1 0
common/eventbus/impl/impl.go:44.91,46.18 2 0
common/eventbus/impl/impl.go:46.18,48.3 1 0
common/eventbus/impl/impl.go:51.2,52.69 1 0
common/lang/crypto/md5.go:9.27,13.2 3 0
common/lang/crypto/md5.go:16.35,20.2 3 0
common/examples/basic_usage.go:19.21,40.32 11 0
common/examples/basic_usage.go:40.32,42.3 1 0
common/examples/basic_usage.go:44.2,44.15 1 0
common/examples/basic_usage.go:48.19,70.2 12 0
common/examples/basic_usage.go:73.24,79.59 3 0
common/examples/basic_usage.go:79.59,81.3 1 0
common/examples/basic_usage.go:82.2,82.16 1 0
common/examples/basic_usage.go:82.16,84.3 1 0
common/examples/basic_usage.go:87.2,87.63 1 0
common/examples/basic_usage.go:87.63,89.3 1 0
common/examples/basic_usage.go:90.2,90.16 1 0
common/examples/basic_usage.go:90.16,92.3 1 0
common/examples/basic_usage.go:95.2,101.15 4 0
common/examples/basic_usage.go:105.25,112.20 4 0
common/examples/basic_usage.go:112.20,117.3 4 0
common/examples/basic_usage.go:119.2,119.20 1 0
common/examples/basic_usage.go:119.20,124.3 4 0
common/examples/basic_usage.go:127.2,127.33 1 0
common/examples/basic_usage.go:127.33,129.3 1 0
common/examples/basic_usage.go:131.2,131.15 1 0
common/examples/basic_usage.go:135.20,146.75 7 0
common/examples/basic_usage.go:146.75,148.3 1 0
common/examples/basic_usage.go:149.2,149.66 1 0
common/examples/basic_usage.go:149.66,151.3 1 0
common/examples/basic_usage.go:154.2,157.15 3 0
common/examples/basic_usage.go:161.22,184.2 13 0
common/examples/basic_usage.go:186.13,195.2 7 0
common/errorx/internal/register.go:21.63,22.42 1 0
common/errorx/internal/register.go:22.42,24.3 1 0
common/errorx/internal/register.go:28.63,35.27 2 0
common/errorx/internal/register.go:35.27,37.3 1 0
common/errorx/internal/register.go:39.2,39.36 1 0
common/errorx/internal/register.go:43.38,45.2 1 0
common/errorx/internal/stack.go:13.21,17.2 3 0
common/errorx/internal/stack.go:20.39,25.34 3 0
common/errorx/internal/stack.go:25.34,26.21 1 0
common/errorx/internal/stack.go:26.21,27.12 1 0
common/errorx/internal/stack.go:29.3,30.23 2 0
common/errorx/internal/stack.go:30.23,32.4 1 0
common/errorx/internal/stack.go:35.2,35.20 1 0
common/errorx/internal/status.go:35.36,37.2 1 0
common/errorx/internal/status.go:39.48,41.2 1 0
common/errorx/internal/status.go:43.36,45.2 1 0
common/errorx/internal/status.go:47.38,49.2 1 0
common/errorx/internal/status.go:51.49,53.2 1 0
common/errorx/internal/status.go:56.37,58.2 1 0
common/errorx/internal/status.go:61.44,63.60 2 0
common/errorx/internal/status.go:63.60,65.3 1 0
common/errorx/internal/status.go:66.2,66.14 1 0
common/errorx/internal/status.go:70.50,71.33 1 0
common/errorx/internal/status.go:71.33,73.3 1 0
common/errorx/internal/status.go:74.2,74.14 1 0
common/errorx/internal/status.go:77.42,79.2 1 0
common/errorx/internal/status.go:81.37,85.20 3 0
common/errorx/internal/status.go:85.20,88.3 2 0
common/errorx/internal/status.go:90.2,90.19 1 0
common/errorx/internal/status.go:90.19,93.3 2 0
common/errorx/internal/status.go:95.2,95.19 1 0
common/errorx/internal/status.go:101.32,102.30 1 0
common/errorx/internal/status.go:102.30,103.36 1 0
common/errorx/internal/status.go:103.36,105.4 1 0
common/errorx/internal/status.go:106.3,106.88 1 0
common/errorx/internal/status.go:111.43,114.2 2 0
common/errorx/internal/status.go:117.32,118.30 1 0
common/errorx/internal/status.go:118.30,119.36 1 0
common/errorx/internal/status.go:119.36,121.4 1 0
common/errorx/internal/status.go:122.3,122.33 1 0
common/errorx/internal/status.go:122.33,124.4 1 0
common/errorx/internal/status.go:125.3,125.29 1 0
common/errorx/internal/status.go:130.53,137.30 2 0
common/errorx/internal/status.go:137.30,139.3 1 0
common/errorx/internal/status.go:141.2,141.11 1 0
common/errorx/internal/status.go:145.65,146.16 1 0
common/errorx/internal/status.go:146.16,148.3 1 0
common/errorx/internal/status.go:150.2,155.30 2 0
common/errorx/internal/status.go:155.30,157.3 1 0
common/errorx/internal/status.go:160.2,161.34 2 0
common/errorx/internal/status.go:161.34,163.3 1 0
common/errorx/internal/status.go:165.2,167.11 2 0
common/errorx/internal/status.go:171.65,172.16 1 0
common/errorx/internal/status.go:172.16,174.3 1 0
common/errorx/internal/status.go:176.2,176.64 1 0
common/errorx/internal/status.go:179.47,181.8 2 0
common/errorx/internal/status.go:181.8,190.3 1 0
common/errorx/internal/status.go:192.2,198.3 1 0
common/eventbus/eventbus.go:41.42,42.29 1 0
common/eventbus/eventbus.go:42.29,44.3 1 0
common/eventbus/eventbus.go:56.52,57.33 1 0
common/eventbus/eventbus.go:57.33,59.3 1 0
common/eventbus/eventbus.go:66.41,68.2 1 0
common/eventbus/eventbus.go:71.38,73.2 1 0
common/eventbus/local.go:52.24,59.2 2 1
common/eventbus/local.go:62.93,66.50 3 1
common/eventbus/local.go:66.50,68.3 1 1
common/eventbus/local.go:70.2,71.12 2 1
common/eventbus/local.go:76.68,84.2 1 1
common/eventbus/local.go:89.93,97.2 1 1
common/eventbus/local.go:101.72,109.2 1 1
common/eventbus/local.go:113.77,121.2 1 1
common/eventbus/local.go:124.53,128.38 3 1
common/eventbus/local.go:128.38,130.3 1 1
common/eventbus/local.go:131.2,131.14 1 1
common/eventbus/local.go:136.75,140.70 3 1
common/eventbus/local.go:140.70,143.3 2 1
common/eventbus/local.go:144.2,144.53 1 1
common/eventbus/local.go:149.65,153.66 3 1
common/eventbus/local.go:153.66,159.40 3 1
common/eventbus/local.go:159.40,160.24 1 1
common/eventbus/local.go:160.24,162.5 1 1
common/eventbus/local.go:164.4,164.22 1 1
common/eventbus/local.go:164.22,166.5 1 1
common/eventbus/local.go:166.10,168.30 2 1
common/eventbus/local.go:168.30,172.6 3 1
common/eventbus/local.go:173.5,173.51 1 1
common/eventbus/local.go:179.90,182.2 2 1
common/eventbus/local.go:184.95,187.27 2 1
common/eventbus/local.go:187.27,189.3 1 1
common/eventbus/local.go:191.2,191.40 1 1
common/eventbus/local.go:194.59,195.39 1 1
common/eventbus/local.go:195.39,197.3 1 0
common/eventbus/local.go:199.2,200.28 2 1
common/eventbus/local.go:200.28,202.3 1 0
common/eventbus/local.go:204.2,206.49 3 1
common/eventbus/local.go:209.79,210.38 1 1
common/eventbus/local.go:210.38,211.49 1 1
common/eventbus/local.go:211.49,213.54 1 1
common/eventbus/local.go:213.54,215.5 1 1
common/eventbus/local.go:218.2,218.11 1 0
common/eventbus/local.go:221.96,225.25 3 1
common/eventbus/local.go:225.25,226.15 1 1
common/eventbus/local.go:226.15,228.4 1 1
common/eventbus/local.go:228.9,230.4 1 1
common/eventbus/local.go:233.2,233.24 1 1
common/eventbus/local.go:237.34,239.2 1 1
common/logs/logger.go:70.33,71.12 1 1
common/logs/logger.go:72.18,73.19 1 1
common/logs/logger.go:74.18,75.19 1 1
common/logs/logger.go:76.17,77.18 1 1
common/logs/logger.go:78.19,79.20 1 1
common/logs/logger.go:80.17,81.18 1 1
common/logs/logger.go:82.18,83.19 1 1
common/logs/logger.go:84.18,85.19 1 1
common/logs/logger.go:86.10,87.22 1 1
common/logs/logger.go:92.37,93.15 1 1
common/logs/logger.go:94.24,95.20 1 1
common/logs/logger.go:96.24,97.20 1 1
common/logs/logger.go:98.22,99.19 1 1
common/logs/logger.go:100.26,101.21 1 1
common/logs/logger.go:102.44,103.19 1 1
common/logs/logger.go:104.24,105.20 1 1
common/logs/logger.go:106.24,107.20 1 1
common/logs/logger.go:108.10,109.19 1 1
common/logs/zap.go:24.46,50.27 5 1
common/logs/zap.go:50.27,52.3 1 1
common/logs/zap.go:55.2,55.27 1 1
common/logs/zap.go:55.27,57.3 1 1
common/logs/zap.go:60.2,60.26 1 1
common/logs/zap.go:60.26,62.3 1 1
common/logs/zap.go:65.2,80.12 5 1
common/logs/zap.go:96.52,97.25 1 0
common/logs/zap.go:97.25,99.3 1 0
common/logs/zap.go:103.50,104.25 1 0
common/logs/zap.go:104.25,106.3 1 0
common/logs/zap.go:110.68,111.25 1 0
common/logs/zap.go:111.25,114.3 2 0
common/logs/zap.go:118.31,119.25 1 1
common/logs/zap.go:119.25,121.3 1 1
common/logs/zap.go:125.21,126.25 1 1
common/logs/zap.go:126.25,129.3 1 1
common/logs/zap.go:130.2,130.21 1 1
common/logs/zap.go:134.45,136.2 1 1
common/logs/zap.go:139.45,141.2 1 1
common/logs/zap.go:144.44,146.2 1 1
common/logs/zap.go:149.46,151.2 1 1
common/logs/zap.go:154.44,156.2 1 1
common/logs/zap.go:159.45,161.2 1 1
common/logs/zap.go:164.45,166.2 1 0
common/logs/zap.go:169.61,171.2 1 0
common/logs/zap.go:174.61,176.2 1 1
common/logs/zap.go:179.60,181.2 1 1
common/logs/zap.go:184.62,186.2 1 0
common/logs/zap.go:189.60,191.2 1 0
common/logs/zap.go:194.61,196.2 1 0
common/logs/zap.go:199.61,201.2 1 0
common/logs/zap.go:204.85,206.2 1 0
common/logs/zap.go:209.85,211.2 1 0
common/logs/zap.go:214.84,216.2 1 1
common/logs/zap.go:219.86,221.2 1 0
common/logs/zap.go:224.84,226.2 1 0
common/logs/zap.go:229.85,231.2 1 1
common/logs/zap.go:234.85,236.2 1 0
common/logs/zap.go:239.43,241.2 1 1
common/logs/zap.go:244.52,247.2 0 0
common/logs/zap.go:250.19,251.25 1 1
common/logs/zap.go:251.25,252.45 1 1
common/logs/zap.go:252.45,254.4 1 1
common/logs/zap.go:256.2,256.12 1 0
common/logs/zap.go:261.30,263.2 1 1
common/logs/zap.go:265.30,267.2 1 1
common/logs/zap.go:269.29,271.2 1 1
common/logs/zap.go:273.31,275.2 1 1
common/logs/zap.go:277.29,279.2 1 1
common/logs/zap.go:281.30,283.2 1 1
common/logs/zap.go:285.30,287.2 1 0
common/logs/zap.go:289.46,291.2 1 0
common/logs/zap.go:293.46,295.2 1 0
common/logs/zap.go:297.45,299.2 1 1
common/logs/zap.go:301.47,303.2 1 0
common/logs/zap.go:305.45,307.2 1 0
common/logs/zap.go:309.46,311.2 1 0
common/logs/zap.go:313.46,315.2 1 0
common/logs/zap.go:317.70,319.2 1 0
common/logs/zap.go:321.70,323.2 1 0
common/logs/zap.go:325.69,327.2 1 1
common/logs/zap.go:329.71,331.2 1 0
common/logs/zap.go:333.69,335.2 1 0
common/logs/zap.go:337.70,339.2 1 0
common/logs/zap.go:341.70,343.2 1 0
